{"@timestamp":"2025-11-29T17:38:21.220+08:00","caller":"stat/metrics.go:210","content":"(product.rpc) - qps: 0.0/s, drops: 0, avg time: 12.0ms, med: 12.0ms, 90th: 12.0ms, 99th: 12.0ms, 99.9th: 12.0ms","level":"stat"}
{"@timestamp":"2025-11-29T17:39:25.922+08:00","caller":"stat/usage.go:82","content":"CPU: 11m, MEMORY: Alloc=7.0Mi, TotalAlloc=9.7Mi, Sys=18.6Mi, NumGC=4","level":"stat"}
{"@timestamp":"2025-11-29T17:39:25.931+08:00","caller":"cache/cachestat.go:71","content":"dbcache(sqlc) - qpm: 2, hit_ratio: 0.0%, hit: 0, miss: 2, db_fails: 0","level":"stat"}
{"@timestamp":"2025-11-29T17:39:25.933+08:00","caller":"load/sheddingstat.go:61","content":"(rpc) shedding_stat [1m], cpu: 11, total: 1, pass: 1, drop: 0","level":"stat"}
{"@timestamp":"2025-11-29T17:39:31.718+08:00","caller":"stat/metrics.go:210","content":"(product.rpc) - qps: 0.0/s, drops: 0, avg time: 34.0ms, med: 34.5ms, 90th: 34.5ms, 99th: 34.5ms, 99.9th: 34.5ms","level":"stat"}
{"@timestamp":"2025-11-29T17:40:25.923+08:00","caller":"stat/usage.go:82","content":"CPU: 11m, MEMORY: Alloc=5.2Mi, TotalAlloc=14.1Mi, Sys=22.6Mi, NumGC=6","level":"stat"}
{"@timestamp":"2025-11-29T17:40:25.934+08:00","caller":"load/sheddingstat.go:61","content":"(rpc) shedding_stat [1m], cpu: 11, total: 0, pass: 0, drop: 0","level":"stat"}
{"@timestamp":"2025-11-29T17:40:31.717+08:00","caller":"stat/metrics.go:210","content":"(product.rpc) - qps: 0.0/s, drops: 0, avg time: 0.0ms, med: 0.0ms, 90th: 0.0ms, 99th: 0.0ms, 99.9th: 0.0ms","level":"stat"}
{"@timestamp":"2025-11-29T17:41:25.923+08:00","caller":"stat/usage.go:82","content":"CPU: 11m, MEMORY: Alloc=5.9Mi, TotalAlloc=17.7Mi, Sys=22.6Mi, NumGC=7","level":"stat"}
{"@timestamp":"2025-11-29T17:41:25.933+08:00","caller":"load/sheddingstat.go:61","content":"(rpc) shedding_stat [1m], cpu: 11, total: 0, pass: 0, drop: 0","level":"stat"}
{"@timestamp":"2025-11-29T17:41:31.718+08:00","caller":"stat/metrics.go:210","content":"(product.rpc) - qps: 0.0/s, drops: 0, avg time: 0.0ms, med: 0.0ms, 90th: 0.0ms, 99th: 0.0ms, 99.9th: 0.0ms","level":"stat"}
{"@timestamp":"2025-11-29T17:42:25.924+08:00","caller":"stat/usage.go:82","content":"CPU: 11m, MEMORY: Alloc=6.4Mi, TotalAlloc=21.2Mi, Sys=22.6Mi, NumGC=8","level":"stat"}
{"@timestamp":"2025-11-29T17:42:25.934+08:00","caller":"load/sheddingstat.go:61","content":"(rpc) shedding_stat [1m], cpu: 11, total: 0, pass: 0, drop: 0","level":"stat"}
{"@timestamp":"2025-11-29T17:42:31.718+08:00","caller":"stat/metrics.go:210","content":"(product.rpc) - qps: 0.0/s, drops: 0, avg time: 0.0ms, med: 0.0ms, 90th: 0.0ms, 99th: 0.0ms, 99.9th: 0.0ms","level":"stat"}
{"@timestamp":"2025-11-29T17:43:25.923+08:00","caller":"stat/usage.go:82","content":"CPU: 11m, MEMORY: Alloc=4.1Mi, TotalAlloc=24.9Mi, Sys=22.6Mi, NumGC=10","level":"stat"}
{"@timestamp":"2025-11-29T17:43:25.934+08:00","caller":"load/sheddingstat.go:61","content":"(rpc) shedding_stat [1m], cpu: 11, total: 0, pass: 0, drop: 0","level":"stat"}
{"@timestamp":"2025-11-29T17:43:31.718+08:00","caller":"stat/metrics.go:210","content":"(product.rpc) - qps: 0.0/s, drops: 0, avg time: 0.0ms, med: 0.0ms, 90th: 0.0ms, 99th: 0.0ms, 99.9th: 0.0ms","level":"stat"}
{"@timestamp":"2025-11-29T17:44:25.924+08:00","caller":"stat/usage.go:82","content":"CPU: 15m, MEMORY: Alloc=4.5Mi, TotalAlloc=28.4Mi, Sys=22.6Mi, NumGC=11","level":"stat"}
{"@timestamp":"2025-11-29T17:44:25.932+08:00","caller":"load/sheddingstat.go:61","content":"(rpc) shedding_stat [1m], cpu: 15, total: 0, pass: 0, drop: 0","level":"stat"}
{"@timestamp":"2025-11-29T17:44:31.717+08:00","caller":"stat/metrics.go:210","content":"(product.rpc) - qps: 0.0/s, drops: 0, avg time: 0.0ms, med: 0.0ms, 90th: 0.0ms, 99th: 0.0ms, 99.9th: 0.0ms","level":"stat"}
{"@timestamp":"2025-11-29T17:45:25.924+08:00","caller":"stat/usage.go:82","content":"CPU: 11m, MEMORY: Alloc=4.9Mi, TotalAlloc=31.8Mi, Sys=22.6Mi, NumGC=12","level":"stat"}
{"@timestamp":"2025-11-29T17:45:25.933+08:00","caller":"load/sheddingstat.go:61","content":"(rpc) shedding_stat [1m], cpu: 11, total: 0, pass: 0, drop: 0","level":"stat"}
{"@timestamp":"2025-11-29T17:45:31.717+08:00","caller":"stat/metrics.go:210","content":"(product.rpc) - qps: 0.0/s, drops: 0, avg time: 0.0ms, med: 0.0ms, 90th: 0.0ms, 99th: 0.0ms, 99.9th: 0.0ms","level":"stat"}
{"@timestamp":"2025-11-29T17:46:25.923+08:00","caller":"stat/usage.go:82","content":"CPU: 13m, MEMORY: Alloc=5.4Mi, TotalAlloc=35.3Mi, Sys=22.6Mi, NumGC=13","level":"stat"}
{"@timestamp":"2025-11-29T17:46:25.933+08:00","caller":"load/sheddingstat.go:61","content":"(rpc) shedding_stat [1m], cpu: 13, total: 0, pass: 0, drop: 0","level":"stat"}
{"@timestamp":"2025-11-29T17:46:31.718+08:00","caller":"stat/metrics.go:210","content":"(product.rpc) - qps: 0.0/s, drops: 0, avg time: 0.0ms, med: 0.0ms, 90th: 0.0ms, 99th: 0.0ms, 99.9th: 0.0ms","level":"stat"}
{"@timestamp":"2025-11-29T17:47:25.924+08:00","caller":"stat/usage.go:82","content":"CPU: 15m, MEMORY: Alloc=6.0Mi, TotalAlloc=38.8Mi, Sys=22.6Mi, NumGC=14","level":"stat"}
{"@timestamp":"2025-11-29T17:47:25.934+08:00","caller":"load/sheddingstat.go:61","content":"(rpc) shedding_stat [1m], cpu: 15, total: 0, pass: 0, drop: 0","level":"stat"}
{"@timestamp":"2025-11-29T17:47:31.718+08:00","caller":"stat/metrics.go:210","content":"(product.rpc) - qps: 0.0/s, drops: 0, avg time: 0.0ms, med: 0.0ms, 90th: 0.0ms, 99th: 0.0ms, 99.9th: 0.0ms","level":"stat"}
{"@timestamp":"2025-11-29T17:48:25.923+08:00","caller":"stat/usage.go:82","content":"CPU: 11m, MEMORY: Alloc=5.7Mi, TotalAlloc=42.4Mi, Sys=22.6Mi, NumGC=15","level":"stat"}
{"@timestamp":"2025-11-29T17:48:25.934+08:00","caller":"load/sheddingstat.go:61","content":"(rpc) shedding_stat [1m], cpu: 11, total: 0, pass: 0, drop: 0","level":"stat"}
{"@timestamp":"2025-11-29T17:48:31.718+08:00","caller":"stat/metrics.go:210","content":"(product.rpc) - qps: 0.0/s, drops: 0, avg time: 0.0ms, med: 0.0ms, 90th: 0.0ms, 99th: 0.0ms, 99.9th: 0.0ms","level":"stat"}
{"@timestamp":"2025-11-29T17:49:25.923+08:00","caller":"stat/usage.go:82","content":"CPU: 11m, MEMORY: Alloc=5.5Mi, TotalAlloc=45.9Mi, Sys=22.6Mi, NumGC=16","level":"stat"}
{"@timestamp":"2025-11-29T17:49:25.934+08:00","caller":"load/sheddingstat.go:61","content":"(rpc) shedding_stat [1m], cpu: 11, total: 0, pass: 0, drop: 0","level":"stat"}
{"@timestamp":"2025-11-29T17:49:31.717+08:00","caller":"stat/metrics.go:210","content":"(product.rpc) - qps: 0.0/s, drops: 0, avg time: 0.0ms, med: 0.0ms, 90th: 0.0ms, 99th: 0.0ms, 99.9th: 0.0ms","level":"stat"}
{"@timestamp":"2025-11-29T17:50:25.923+08:00","caller":"stat/usage.go:82","content":"CPU: 10m, MEMORY: Alloc=5.1Mi, TotalAlloc=49.4Mi, Sys=22.6Mi, NumGC=17","level":"stat"}
{"@timestamp":"2025-11-29T17:50:25.934+08:00","caller":"load/sheddingstat.go:61","content":"(rpc) shedding_stat [1m], cpu: 10, total: 0, pass: 0, drop: 0","level":"stat"}
{"@timestamp":"2025-11-29T17:50:31.717+08:00","caller":"stat/metrics.go:210","content":"(product.rpc) - qps: 0.0/s, drops: 0, avg time: 0.0ms, med: 0.0ms, 90th: 0.0ms, 99th: 0.0ms, 99.9th: 0.0ms","level":"stat"}
{"@timestamp":"2025-11-29T17:51:25.923+08:00","caller":"stat/usage.go:82","content":"CPU: 11m, MEMORY: Alloc=4.9Mi, TotalAlloc=52.9Mi, Sys=22.6Mi, NumGC=18","level":"stat"}
{"@timestamp":"2025-11-29T17:51:25.933+08:00","caller":"load/sheddingstat.go:61","content":"(rpc) shedding_stat [1m], cpu: 11, total: 0, pass: 0, drop: 0","level":"stat"}
{"@timestamp":"2025-11-29T17:51:31.718+08:00","caller":"stat/metrics.go:210","content":"(product.rpc) - qps: 0.0/s, drops: 0, avg time: 0.0ms, med: 0.0ms, 90th: 0.0ms, 99th: 0.0ms, 99.9th: 0.0ms","level":"stat"}
{"@timestamp":"2025-11-29T17:52:25.922+08:00","caller":"stat/usage.go:82","content":"CPU: 11m, MEMORY: Alloc=4.5Mi, TotalAlloc=56.4Mi, Sys=22.6Mi, NumGC=19","level":"stat"}
{"@timestamp":"2025-11-29T17:52:25.934+08:00","caller":"load/sheddingstat.go:61","content":"(rpc) shedding_stat [1m], cpu: 11, total: 0, pass: 0, drop: 0","level":"stat"}
{"@timestamp":"2025-11-29T17:52:31.717+08:00","caller":"stat/metrics.go:210","content":"(product.rpc) - qps: 0.0/s, drops: 0, avg time: 0.0ms, med: 0.0ms, 90th: 0.0ms, 99th: 0.0ms, 99.9th: 0.0ms","level":"stat"}
{"@timestamp":"2025-11-29T17:53:25.923+08:00","caller":"stat/usage.go:82","content":"CPU: 11m, MEMORY: Alloc=4.5Mi, TotalAlloc=60.0Mi, Sys=22.6Mi, NumGC=20","level":"stat"}
{"@timestamp":"2025-11-29T17:53:25.934+08:00","caller":"load/sheddingstat.go:61","content":"(rpc) shedding_stat [1m], cpu: 11, total: 0, pass: 0, drop: 0","level":"stat"}
{"@timestamp":"2025-11-29T17:53:31.716+08:00","caller":"stat/metrics.go:210","content":"(product.rpc) - qps: 0.0/s, drops: 0, avg time: 0.0ms, med: 0.0ms, 90th: 0.0ms, 99th: 0.0ms, 99.9th: 0.0ms","level":"stat"}
{"@timestamp":"2025-11-29T17:54:25.924+08:00","caller":"stat/usage.go:82","content":"CPU: 11m, MEMORY: Alloc=4.3Mi, TotalAlloc=63.5Mi, Sys=22.6Mi, NumGC=21","level":"stat"}
{"@timestamp":"2025-11-29T17:54:25.934+08:00","caller":"load/sheddingstat.go:61","content":"(rpc) shedding_stat [1m], cpu: 11, total: 0, pass: 0, drop: 0","level":"stat"}
{"@timestamp":"2025-11-29T17:54:31.717+08:00","caller":"stat/metrics.go:210","content":"(product.rpc) - qps: 0.0/s, drops: 0, avg time: 0.0ms, med: 0.0ms, 90th: 0.0ms, 99th: 0.0ms, 99.9th: 0.0ms","level":"stat"}
{"@timestamp":"2025-11-29T17:55:25.923+08:00","caller":"stat/usage.go:82","content":"CPU: 10m, MEMORY: Alloc=4.2Mi, TotalAlloc=67.1Mi, Sys=22.6Mi, NumGC=22","level":"stat"}
{"@timestamp":"2025-11-29T17:55:25.933+08:00","caller":"load/sheddingstat.go:61","content":"(rpc) shedding_stat [1m], cpu: 10, total: 0, pass: 0, drop: 0","level":"stat"}
{"@timestamp":"2025-11-29T17:55:31.718+08:00","caller":"stat/metrics.go:210","content":"(product.rpc) - qps: 0.0/s, drops: 0, avg time: 0.0ms, med: 0.0ms, 90th: 0.0ms, 99th: 0.0ms, 99.9th: 0.0ms","level":"stat"}
{"@timestamp":"2025-11-29T17:56:25.924+08:00","caller":"stat/usage.go:82","content":"CPU: 12m, MEMORY: Alloc=4.1Mi, TotalAlloc=70.6Mi, Sys=22.6Mi, NumGC=23","level":"stat"}
{"@timestamp":"2025-11-29T17:56:25.933+08:00","caller":"load/sheddingstat.go:61","content":"(rpc) shedding_stat [1m], cpu: 12, total: 0, pass: 0, drop: 0","level":"stat"}
{"@timestamp":"2025-11-29T17:56:31.718+08:00","caller":"stat/metrics.go:210","content":"(product.rpc) - qps: 0.0/s, drops: 0, avg time: 0.0ms, med: 0.0ms, 90th: 0.0ms, 99th: 0.0ms, 99.9th: 0.0ms","level":"stat"}
{"@timestamp":"2025-11-29T17:57:25.922+08:00","caller":"stat/usage.go:82","content":"CPU: 13m, MEMORY: Alloc=4.2Mi, TotalAlloc=74.3Mi, Sys=22.6Mi, NumGC=24","level":"stat"}
{"@timestamp":"2025-11-29T17:57:25.930+08:00","caller":"cache/cachestat.go:71","content":"dbcache(sqlc) - qpm: 2, hit_ratio: 0.0%, hit: 0, miss: 2, db_fails: 0","level":"stat"}
{"@timestamp":"2025-11-29T17:57:25.934+08:00","caller":"load/sheddingstat.go:61","content":"(rpc) shedding_stat [1m], cpu: 13, total: 1, pass: 1, drop: 0","level":"stat"}
{"@timestamp":"2025-11-29T17:57:31.717+08:00","caller":"stat/metrics.go:210","content":"(product.rpc) - qps: 0.0/s, drops: 0, avg time: 6.0ms, med: 6.5ms, 90th: 6.5ms, 99th: 6.5ms, 99.9th: 6.5ms","level":"stat"}
{"@timestamp":"2025-11-29T17:58:25.924+08:00","caller":"stat/usage.go:82","content":"CPU: 14m, MEMORY: Alloc=7.5Mi, TotalAlloc=77.6Mi, Sys=22.6Mi, NumGC=24","level":"stat"}
{"@timestamp":"2025-11-29T17:58:25.934+08:00","caller":"load/sheddingstat.go:61","content":"(rpc) shedding_stat [1m], cpu: 14, total: 0, pass: 0, drop: 0","level":"stat"}
{"@timestamp":"2025-11-29T17:58:31.718+08:00","caller":"stat/metrics.go:210","content":"(product.rpc) - qps: 0.0/s, drops: 0, avg time: 0.0ms, med: 0.0ms, 90th: 0.0ms, 99th: 0.0ms, 99.9th: 0.0ms","level":"stat"}
{"@timestamp":"2025-11-29T17:59:25.923+08:00","caller":"stat/usage.go:82","content":"CPU: 11m, MEMORY: Alloc=7.0Mi, TotalAlloc=81.0Mi, Sys=22.6Mi, NumGC=25","level":"stat"}
{"@timestamp":"2025-11-29T17:59:25.934+08:00","caller":"load/sheddingstat.go:61","content":"(rpc) shedding_stat [1m], cpu: 11, total: 0, pass: 0, drop: 0","level":"stat"}
{"@timestamp":"2025-11-29T17:59:31.717+08:00","caller":"stat/metrics.go:210","content":"(product.rpc) - qps: 0.0/s, drops: 0, avg time: 0.0ms, med: 0.0ms, 90th: 0.0ms, 99th: 0.0ms, 99.9th: 0.0ms","level":"stat"}
{"@timestamp":"2025-11-29T18:00:25.924+08:00","caller":"stat/usage.go:82","content":"CPU: 13m, MEMORY: Alloc=7.1Mi, TotalAlloc=84.6Mi, Sys=22.6Mi, NumGC=26","level":"stat"}
{"@timestamp":"2025-11-29T18:00:25.932+08:00","caller":"load/sheddingstat.go:61","content":"(rpc) shedding_stat [1m], cpu: 13, total: 0, pass: 0, drop: 0","level":"stat"}
{"@timestamp":"2025-11-29T18:00:31.718+08:00","caller":"stat/metrics.go:210","content":"(product.rpc) - qps: 0.0/s, drops: 0, avg time: 0.0ms, med: 0.0ms, 90th: 0.0ms, 99th: 0.0ms, 99.9th: 0.0ms","level":"stat"}
{"@timestamp":"2025-11-29T18:01:25.923+08:00","caller":"stat/usage.go:82","content":"CPU: 13m, MEMORY: Alloc=6.7Mi, TotalAlloc=88.1Mi, Sys=22.6Mi, NumGC=27","level":"stat"}
{"@timestamp":"2025-11-29T18:01:25.934+08:00","caller":"load/sheddingstat.go:61","content":"(rpc) shedding_stat [1m], cpu: 13, total: 0, pass: 0, drop: 0","level":"stat"}
{"@timestamp":"2025-11-29T18:01:31.718+08:00","caller":"stat/metrics.go:210","content":"(product.rpc) - qps: 0.0/s, drops: 0, avg time: 0.0ms, med: 0.0ms, 90th: 0.0ms, 99th: 0.0ms, 99.9th: 0.0ms","level":"stat"}
{"@timestamp":"2025-11-29T18:02:25.924+08:00","caller":"stat/usage.go:82","content":"CPU: 10m, MEMORY: Alloc=6.4Mi, TotalAlloc=91.6Mi, Sys=22.6Mi, NumGC=28","level":"stat"}
{"@timestamp":"2025-11-29T18:02:25.934+08:00","caller":"load/sheddingstat.go:61","content":"(rpc) shedding_stat [1m], cpu: 10, total: 0, pass: 0, drop: 0","level":"stat"}
{"@timestamp":"2025-11-29T18:02:31.718+08:00","caller":"stat/metrics.go:210","content":"(product.rpc) - qps: 0.0/s, drops: 0, avg time: 0.0ms, med: 0.0ms, 90th: 0.0ms, 99th: 0.0ms, 99.9th: 0.0ms","level":"stat"}
{"@timestamp":"2025-11-29T18:03:25.923+08:00","caller":"stat/usage.go:82","content":"CPU: 11m, MEMORY: Alloc=6.2Mi, TotalAlloc=95.2Mi, Sys=22.6Mi, NumGC=29","level":"stat"}
{"@timestamp":"2025-11-29T18:03:25.934+08:00","caller":"load/sheddingstat.go:61","content":"(rpc) shedding_stat [1m], cpu: 11, total: 0, pass: 0, drop: 0","level":"stat"}
{"@timestamp":"2025-11-29T18:03:31.717+08:00","caller":"stat/metrics.go:210","content":"(product.rpc) - qps: 0.0/s, drops: 0, avg time: 0.0ms, med: 0.0ms, 90th: 0.0ms, 99th: 0.0ms, 99.9th: 0.0ms","level":"stat"}
{"@timestamp":"2025-11-29T18:04:25.923+08:00","caller":"stat/usage.go:82","content":"CPU: 10m, MEMORY: Alloc=6.0Mi, TotalAlloc=98.7Mi, Sys=22.6Mi, NumGC=30","level":"stat"}
{"@timestamp":"2025-11-29T18:04:25.934+08:00","caller":"load/sheddingstat.go:61","content":"(rpc) shedding_stat [1m], cpu: 10, total: 0, pass: 0, drop: 0","level":"stat"}
{"@timestamp":"2025-11-29T18:04:31.718+08:00","caller":"stat/metrics.go:210","content":"(product.rpc) - qps: 0.0/s, drops: 0, avg time: 0.0ms, med: 0.0ms, 90th: 0.0ms, 99th: 0.0ms, 99.9th: 0.0ms","level":"stat"}
{"@timestamp":"2025-11-29T18:05:25.924+08:00","caller":"stat/usage.go:82","content":"CPU: 11m, MEMORY: Alloc=5.8Mi, TotalAlloc=102.3Mi, Sys=22.6Mi, NumGC=31","level":"stat"}
{"@timestamp":"2025-11-29T18:05:25.934+08:00","caller":"load/sheddingstat.go:61","content":"(rpc) shedding_stat [1m], cpu: 11, total: 0, pass: 0, drop: 0","level":"stat"}
{"@timestamp":"2025-11-29T18:05:31.718+08:00","caller":"stat/metrics.go:210","content":"(product.rpc) - qps: 0.0/s, drops: 0, avg time: 0.0ms, med: 0.0ms, 90th: 0.0ms, 99th: 0.0ms, 99.9th: 0.0ms","level":"stat"}
{"@timestamp":"2025-11-29T18:06:25.923+08:00","caller":"stat/usage.go:82","content":"CPU: 11m, MEMORY: Alloc=5.4Mi, TotalAlloc=105.7Mi, Sys=22.6Mi, NumGC=32","level":"stat"}
{"@timestamp":"2025-11-29T18:06:25.933+08:00","caller":"load/sheddingstat.go:61","content":"(rpc) shedding_stat [1m], cpu: 11, total: 0, pass: 0, drop: 0","level":"stat"}
{"@timestamp":"2025-11-29T18:06:31.717+08:00","caller":"stat/metrics.go:210","content":"(product.rpc) - qps: 0.0/s, drops: 0, avg time: 0.0ms, med: 0.0ms, 90th: 0.0ms, 99th: 0.0ms, 99.9th: 0.0ms","level":"stat"}
{"@timestamp":"2025-11-29T18:07:25.923+08:00","caller":"stat/usage.go:82","content":"CPU: 11m, MEMORY: Alloc=5.4Mi, TotalAlloc=109.3Mi, Sys=22.6Mi, NumGC=33","level":"stat"}
{"@timestamp":"2025-11-29T18:07:25.934+08:00","caller":"load/sheddingstat.go:61","content":"(rpc) shedding_stat [1m], cpu: 11, total: 0, pass: 0, drop: 0","level":"stat"}
{"@timestamp":"2025-11-29T18:07:31.717+08:00","caller":"stat/metrics.go:210","content":"(product.rpc) - qps: 0.0/s, drops: 0, avg time: 0.0ms, med: 0.0ms, 90th: 0.0ms, 99th: 0.0ms, 99.9th: 0.0ms","level":"stat"}
{"@timestamp":"2025-11-29T18:08:25.924+08:00","caller":"stat/usage.go:82","content":"CPU: 11m, MEMORY: Alloc=5.1Mi, TotalAlloc=112.8Mi, Sys=22.6Mi, NumGC=34","level":"stat"}
{"@timestamp":"2025-11-29T18:08:25.934+08:00","caller":"load/sheddingstat.go:61","content":"(rpc) shedding_stat [1m], cpu: 11, total: 0, pass: 0, drop: 0","level":"stat"}
{"@timestamp":"2025-11-29T18:08:31.718+08:00","caller":"stat/metrics.go:210","content":"(product.rpc) - qps: 0.0/s, drops: 0, avg time: 0.0ms, med: 0.0ms, 90th: 0.0ms, 99th: 0.0ms, 99.9th: 0.0ms","level":"stat"}
{"@timestamp":"2025-11-29T18:09:25.923+08:00","caller":"stat/usage.go:82","content":"CPU: 11m, MEMORY: Alloc=5.0Mi, TotalAlloc=116.3Mi, Sys=22.6Mi, NumGC=35","level":"stat"}
{"@timestamp":"2025-11-29T18:09:25.934+08:00","caller":"load/sheddingstat.go:61","content":"(rpc) shedding_stat [1m], cpu: 11, total: 0, pass: 0, drop: 0","level":"stat"}
{"@timestamp":"2025-11-29T18:09:31.717+08:00","caller":"stat/metrics.go:210","content":"(product.rpc) - qps: 0.0/s, drops: 0, avg time: 0.0ms, med: 0.0ms, 90th: 0.0ms, 99th: 0.0ms, 99.9th: 0.0ms","level":"stat"}
{"@timestamp":"2025-11-29T18:10:25.923+08:00","caller":"stat/usage.go:82","content":"CPU: 11m, MEMORY: Alloc=4.6Mi, TotalAlloc=119.8Mi, Sys=22.6Mi, NumGC=36","level":"stat"}
{"@timestamp":"2025-11-29T18:10:25.934+08:00","caller":"load/sheddingstat.go:61","content":"(rpc) shedding_stat [1m], cpu: 11, total: 0, pass: 0, drop: 0","level":"stat"}
{"@timestamp":"2025-11-29T18:10:31.718+08:00","caller":"stat/metrics.go:210","content":"(product.rpc) - qps: 0.0/s, drops: 0, avg time: 0.0ms, med: 0.0ms, 90th: 0.0ms, 99th: 0.0ms, 99.9th: 0.0ms","level":"stat"}
{"@timestamp":"2025-11-29T18:11:25.923+08:00","caller":"stat/usage.go:82","content":"CPU: 12m, MEMORY: Alloc=4.6Mi, TotalAlloc=123.4Mi, Sys=22.6Mi, NumGC=37","level":"stat"}
{"@timestamp":"2025-11-29T18:11:25.934+08:00","caller":"load/sheddingstat.go:61","content":"(rpc) shedding_stat [1m], cpu: 12, total: 0, pass: 0, drop: 0","level":"stat"}
{"@timestamp":"2025-11-29T18:11:31.718+08:00","caller":"stat/metrics.go:210","content":"(product.rpc) - qps: 0.0/s, drops: 0, avg time: 0.0ms, med: 0.0ms, 90th: 0.0ms, 99th: 0.0ms, 99.9th: 0.0ms","level":"stat"}
{"@timestamp":"2025-11-29T18:12:25.924+08:00","caller":"stat/usage.go:82","content":"CPU: 11m, MEMORY: Alloc=4.3Mi, TotalAlloc=126.9Mi, Sys=22.6Mi, NumGC=38","level":"stat"}
{"@timestamp":"2025-11-29T18:12:25.934+08:00","caller":"load/sheddingstat.go:61","content":"(rpc) shedding_stat [1m], cpu: 11, total: 0, pass: 0, drop: 0","level":"stat"}
{"@timestamp":"2025-11-29T18:12:31.717+08:00","caller":"stat/metrics.go:210","content":"(product.rpc) - qps: 0.0/s, drops: 0, avg time: 0.0ms, med: 0.0ms, 90th: 0.0ms, 99th: 0.0ms, 99.9th: 0.0ms","level":"stat"}
{"@timestamp":"2025-11-29T18:13:25.924+08:00","caller":"stat/usage.go:82","content":"CPU: 14m, MEMORY: Alloc=4.2Mi, TotalAlloc=130.4Mi, Sys=22.6Mi, NumGC=39","level":"stat"}
{"@timestamp":"2025-11-29T18:13:25.933+08:00","caller":"load/sheddingstat.go:61","content":"(rpc) shedding_stat [1m], cpu: 14, total: 0, pass: 0, drop: 0","level":"stat"}
{"@timestamp":"2025-11-29T18:13:31.717+08:00","caller":"stat/metrics.go:210","content":"(product.rpc) - qps: 0.0/s, drops: 0, avg time: 0.0ms, med: 0.0ms, 90th: 0.0ms, 99th: 0.0ms, 99.9th: 0.0ms","level":"stat"}
{"@timestamp":"2025-11-29T18:14:25.924+08:00","caller":"stat/usage.go:82","content":"CPU: 11m, MEMORY: Alloc=7.6Mi, TotalAlloc=133.8Mi, Sys=22.6Mi, NumGC=39","level":"stat"}
{"@timestamp":"2025-11-29T18:14:25.934+08:00","caller":"load/sheddingstat.go:61","content":"(rpc) shedding_stat [1m], cpu: 11, total: 0, pass: 0, drop: 0","level":"stat"}
{"@timestamp":"2025-11-29T18:14:31.717+08:00","caller":"stat/metrics.go:210","content":"(product.rpc) - qps: 0.0/s, drops: 0, avg time: 0.0ms, med: 0.0ms, 90th: 0.0ms, 99th: 0.0ms, 99.9th: 0.0ms","level":"stat"}
{"@timestamp":"2025-11-29T18:15:25.923+08:00","caller":"stat/usage.go:82","content":"CPU: 12m, MEMORY: Alloc=7.3Mi, TotalAlloc=137.3Mi, Sys=22.6Mi, NumGC=40","level":"stat"}
{"@timestamp":"2025-11-29T18:15:25.933+08:00","caller":"load/sheddingstat.go:61","content":"(rpc) shedding_stat [1m], cpu: 12, total: 0, pass: 0, drop: 0","level":"stat"}
{"@timestamp":"2025-11-29T18:15:31.718+08:00","caller":"stat/metrics.go:210","content":"(product.rpc) - qps: 0.0/s, drops: 0, avg time: 0.0ms, med: 0.0ms, 90th: 0.0ms, 99th: 0.0ms, 99.9th: 0.0ms","level":"stat"}
{"@timestamp":"2025-11-29T18:16:25.924+08:00","caller":"stat/usage.go:82","content":"CPU: 11m, MEMORY: Alloc=7.0Mi, TotalAlloc=140.8Mi, Sys=22.6Mi, NumGC=41","level":"stat"}
{"@timestamp":"2025-11-29T18:16:25.933+08:00","caller":"load/sheddingstat.go:61","content":"(rpc) shedding_stat [1m], cpu: 11, total: 0, pass: 0, drop: 0","level":"stat"}
{"@timestamp":"2025-11-29T18:16:31.717+08:00","caller":"stat/metrics.go:210","content":"(product.rpc) - qps: 0.0/s, drops: 0, avg time: 0.0ms, med: 0.0ms, 90th: 0.0ms, 99th: 0.0ms, 99.9th: 0.0ms","level":"stat"}
{"@timestamp":"2025-11-29T18:17:25.923+08:00","caller":"stat/usage.go:82","content":"CPU: 11m, MEMORY: Alloc=6.8Mi, TotalAlloc=144.3Mi, Sys=22.6Mi, NumGC=42","level":"stat"}
{"@timestamp":"2025-11-29T18:17:25.934+08:00","caller":"load/sheddingstat.go:61","content":"(rpc) shedding_stat [1m], cpu: 11, total: 0, pass: 0, drop: 0","level":"stat"}
{"@timestamp":"2025-11-29T18:17:31.718+08:00","caller":"stat/metrics.go:210","content":"(product.rpc) - qps: 0.0/s, drops: 0, avg time: 0.0ms, med: 0.0ms, 90th: 0.0ms, 99th: 0.0ms, 99.9th: 0.0ms","level":"stat"}
{"@timestamp":"2025-11-29T18:18:25.924+08:00","caller":"stat/usage.go:82","content":"CPU: 9m, MEMORY: Alloc=6.7Mi, TotalAlloc=147.9Mi, Sys=22.6Mi, NumGC=43","level":"stat"}
{"@timestamp":"2025-11-29T18:18:25.933+08:00","caller":"load/sheddingstat.go:61","content":"(rpc) shedding_stat [1m], cpu: 9, total: 0, pass: 0, drop: 0","level":"stat"}
{"@timestamp":"2025-11-29T18:18:31.718+08:00","caller":"stat/metrics.go:210","content":"(product.rpc) - qps: 0.0/s, drops: 0, avg time: 0.0ms, med: 0.0ms, 90th: 0.0ms, 99th: 0.0ms, 99.9th: 0.0ms","level":"stat"}
{"@timestamp":"2025-11-29T18:19:25.923+08:00","caller":"stat/usage.go:82","content":"CPU: 11m, MEMORY: Alloc=6.5Mi, TotalAlloc=151.3Mi, Sys=22.6Mi, NumGC=44","level":"stat"}
{"@timestamp":"2025-11-29T18:19:25.934+08:00","caller":"load/sheddingstat.go:61","content":"(rpc) shedding_stat [1m], cpu: 11, total: 0, pass: 0, drop: 0","level":"stat"}
{"@timestamp":"2025-11-29T18:19:31.717+08:00","caller":"stat/metrics.go:210","content":"(product.rpc) - qps: 0.0/s, drops: 0, avg time: 0.0ms, med: 0.0ms, 90th: 0.0ms, 99th: 0.0ms, 99.9th: 0.0ms","level":"stat"}
{"@timestamp":"2025-11-29T18:20:25.923+08:00","caller":"stat/usage.go:82","content":"CPU: 11m, MEMORY: Alloc=6.4Mi, TotalAlloc=154.9Mi, Sys=22.6Mi, NumGC=45","level":"stat"}
{"@timestamp":"2025-11-29T18:20:25.933+08:00","caller":"load/sheddingstat.go:61","content":"(rpc) shedding_stat [1m], cpu: 11, total: 0, pass: 0, drop: 0","level":"stat"}
{"@timestamp":"2025-11-29T18:20:31.717+08:00","caller":"stat/metrics.go:210","content":"(product.rpc) - qps: 0.0/s, drops: 0, avg time: 0.0ms, med: 0.0ms, 90th: 0.0ms, 99th: 0.0ms, 99.9th: 0.0ms","level":"stat"}
{"@timestamp":"2025-11-29T18:21:25.922+08:00","caller":"stat/usage.go:82","content":"CPU: 10m, MEMORY: Alloc=6.4Mi, TotalAlloc=158.4Mi, Sys=22.6Mi, NumGC=46","level":"stat"}
{"@timestamp":"2025-11-29T18:21:25.934+08:00","caller":"load/sheddingstat.go:61","content":"(rpc) shedding_stat [1m], cpu: 10, total: 0, pass: 0, drop: 0","level":"stat"}
{"@timestamp":"2025-11-29T18:21:31.718+08:00","caller":"stat/metrics.go:210","content":"(product.rpc) - qps: 0.0/s, drops: 0, avg time: 0.0ms, med: 0.0ms, 90th: 0.0ms, 99th: 0.0ms, 99.9th: 0.0ms","level":"stat"}
{"@timestamp":"2025-11-29T18:22:25.923+08:00","caller":"stat/usage.go:82","content":"CPU: 13m, MEMORY: Alloc=6.2Mi, TotalAlloc=162.0Mi, Sys=22.6Mi, NumGC=47","level":"stat"}
{"@timestamp":"2025-11-29T18:22:25.934+08:00","caller":"load/sheddingstat.go:61","content":"(rpc) shedding_stat [1m], cpu: 13, total: 0, pass: 0, drop: 0","level":"stat"}
{"@timestamp":"2025-11-29T18:22:31.718+08:00","caller":"stat/metrics.go:210","content":"(product.rpc) - qps: 0.0/s, drops: 0, avg time: 0.0ms, med: 0.0ms, 90th: 0.0ms, 99th: 0.0ms, 99.9th: 0.0ms","level":"stat"}
{"@timestamp":"2025-11-29T18:23:25.923+08:00","caller":"stat/usage.go:82","content":"CPU: 18m, MEMORY: Alloc=5.9Mi, TotalAlloc=165.4Mi, Sys=22.6Mi, NumGC=48","level":"stat"}
{"@timestamp":"2025-11-29T18:23:25.933+08:00","caller":"load/sheddingstat.go:61","content":"(rpc) shedding_stat [1m], cpu: 18, total: 0, pass: 0, drop: 0","level":"stat"}
{"@timestamp":"2025-11-29T18:23:31.717+08:00","caller":"stat/metrics.go:210","content":"(product.rpc) - qps: 0.0/s, drops: 0, avg time: 0.0ms, med: 0.0ms, 90th: 0.0ms, 99th: 0.0ms, 99.9th: 0.0ms","level":"stat"}
{"@timestamp":"2025-11-29T18:24:25.924+08:00","caller":"stat/usage.go:82","content":"CPU: 15m, MEMORY: Alloc=5.6Mi, TotalAlloc=168.9Mi, Sys=22.6Mi, NumGC=49","level":"stat"}
{"@timestamp":"2025-11-29T18:24:25.934+08:00","caller":"load/sheddingstat.go:61","content":"(rpc) shedding_stat [1m], cpu: 15, total: 0, pass: 0, drop: 0","level":"stat"}
{"@timestamp":"2025-11-29T18:24:31.718+08:00","caller":"stat/metrics.go:210","content":"(product.rpc) - qps: 0.0/s, drops: 0, avg time: 0.0ms, med: 0.0ms, 90th: 0.0ms, 99th: 0.0ms, 99.9th: 0.0ms","level":"stat"}
{"@timestamp":"2025-11-29T18:25:25.924+08:00","caller":"stat/usage.go:82","content":"CPU: 12m, MEMORY: Alloc=5.5Mi, TotalAlloc=172.5Mi, Sys=22.6Mi, NumGC=50","level":"stat"}
{"@timestamp":"2025-11-29T18:25:25.934+08:00","caller":"load/sheddingstat.go:61","content":"(rpc) shedding_stat [1m], cpu: 12, total: 0, pass: 0, drop: 0","level":"stat"}
{"@timestamp":"2025-11-29T18:25:31.717+08:00","caller":"stat/metrics.go:210","content":"(product.rpc) - qps: 0.0/s, drops: 0, avg time: 0.0ms, med: 0.0ms, 90th: 0.0ms, 99th: 0.0ms, 99.9th: 0.0ms","level":"stat"}
{"@timestamp":"2025-11-29T18:26:25.923+08:00","caller":"stat/usage.go:82","content":"CPU: 13m, MEMORY: Alloc=5.3Mi, TotalAlloc=176.0Mi, Sys=22.6Mi, NumGC=51","level":"stat"}
{"@timestamp":"2025-11-29T18:26:25.934+08:00","caller":"load/sheddingstat.go:61","content":"(rpc) shedding_stat [1m], cpu: 13, total: 0, pass: 0, drop: 0","level":"stat"}
{"@timestamp":"2025-11-29T18:26:31.717+08:00","caller":"stat/metrics.go:210","content":"(product.rpc) - qps: 0.0/s, drops: 0, avg time: 0.0ms, med: 0.0ms, 90th: 0.0ms, 99th: 0.0ms, 99.9th: 0.0ms","level":"stat"}
{"@timestamp":"2025-11-29T18:27:25.923+08:00","caller":"stat/usage.go:82","content":"CPU: 13m, MEMORY: Alloc=5.0Mi, TotalAlloc=179.5Mi, Sys=22.6Mi, NumGC=52","level":"stat"}
{"@timestamp":"2025-11-29T18:27:25.934+08:00","caller":"load/sheddingstat.go:61","content":"(rpc) shedding_stat [1m], cpu: 13, total: 0, pass: 0, drop: 0","level":"stat"}
{"@timestamp":"2025-11-29T18:27:31.718+08:00","caller":"stat/metrics.go:210","content":"(product.rpc) - qps: 0.0/s, drops: 0, avg time: 0.0ms, med: 0.0ms, 90th: 0.0ms, 99th: 0.0ms, 99.9th: 0.0ms","level":"stat"}
{"@timestamp":"2025-11-29T18:28:25.923+08:00","caller":"stat/usage.go:82","content":"CPU: 13m, MEMORY: Alloc=4.8Mi, TotalAlloc=183.1Mi, Sys=22.6Mi, NumGC=53","level":"stat"}
{"@timestamp":"2025-11-29T18:28:25.934+08:00","caller":"load/sheddingstat.go:61","content":"(rpc) shedding_stat [1m], cpu: 13, total: 0, pass: 0, drop: 0","level":"stat"}
{"@timestamp":"2025-11-29T18:28:31.718+08:00","caller":"stat/metrics.go:210","content":"(product.rpc) - qps: 0.0/s, drops: 0, avg time: 0.0ms, med: 0.0ms, 90th: 0.0ms, 99th: 0.0ms, 99.9th: 0.0ms","level":"stat"}
{"@timestamp":"2025-11-29T18:29:25.924+08:00","caller":"stat/usage.go:82","content":"CPU: 13m, MEMORY: Alloc=4.5Mi, TotalAlloc=186.6Mi, Sys=22.6Mi, NumGC=54","level":"stat"}
{"@timestamp":"2025-11-29T18:29:25.933+08:00","caller":"load/sheddingstat.go:61","content":"(rpc) shedding_stat [1m], cpu: 13, total: 0, pass: 0, drop: 0","level":"stat"}
{"@timestamp":"2025-11-29T18:29:31.717+08:00","caller":"stat/metrics.go:210","content":"(product.rpc) - qps: 0.0/s, drops: 0, avg time: 0.0ms, med: 0.0ms, 90th: 0.0ms, 99th: 0.0ms, 99.9th: 0.0ms","level":"stat"}
{"@timestamp":"2025-11-29T18:30:25.923+08:00","caller":"stat/usage.go:82","content":"CPU: 10m, MEMORY: Alloc=4.2Mi, TotalAlloc=190.2Mi, Sys=22.6Mi, NumGC=55","level":"stat"}
{"@timestamp":"2025-11-29T18:30:25.934+08:00","caller":"load/sheddingstat.go:61","content":"(rpc) shedding_stat [1m], cpu: 10, total: 0, pass: 0, drop: 0","level":"stat"}
{"@timestamp":"2025-11-29T18:30:31.717+08:00","caller":"stat/metrics.go:210","content":"(product.rpc) - qps: 0.0/s, drops: 0, avg time: 0.0ms, med: 0.0ms, 90th: 0.0ms, 99th: 0.0ms, 99.9th: 0.0ms","level":"stat"}
{"@timestamp":"2025-11-29T18:31:25.923+08:00","caller":"stat/usage.go:82","content":"CPU: 11m, MEMORY: Alloc=4.1Mi, TotalAlloc=193.7Mi, Sys=22.6Mi, NumGC=56","level":"stat"}
{"@timestamp":"2025-11-29T18:31:25.934+08:00","caller":"load/sheddingstat.go:61","content":"(rpc) shedding_stat [1m], cpu: 11, total: 0, pass: 0, drop: 0","level":"stat"}
{"@timestamp":"2025-11-29T18:31:31.717+08:00","caller":"stat/metrics.go:210","content":"(product.rpc) - qps: 0.0/s, drops: 0, avg time: 0.0ms, med: 0.0ms, 90th: 0.0ms, 99th: 0.0ms, 99.9th: 0.0ms","level":"stat"}
{"@timestamp":"2025-11-29T18:32:25.923+08:00","caller":"stat/usage.go:82","content":"CPU: 10m, MEMORY: Alloc=7.4Mi, TotalAlloc=197.0Mi, Sys=22.6Mi, NumGC=56","level":"stat"}
{"@timestamp":"2025-11-29T18:32:25.932+08:00","caller":"load/sheddingstat.go:61","content":"(rpc) shedding_stat [1m], cpu: 10, total: 0, pass: 0, drop: 0","level":"stat"}
{"@timestamp":"2025-11-29T18:32:31.717+08:00","caller":"stat/metrics.go:210","content":"(product.rpc) - qps: 0.0/s, drops: 0, avg time: 0.0ms, med: 0.0ms, 90th: 0.0ms, 99th: 0.0ms, 99.9th: 0.0ms","level":"stat"}
{"@timestamp":"2025-11-29T18:33:25.923+08:00","caller":"stat/usage.go:82","content":"CPU: 11m, MEMORY: Alloc=7.1Mi, TotalAlloc=200.5Mi, Sys=22.6Mi, NumGC=57","level":"stat"}
{"@timestamp":"2025-11-29T18:33:25.933+08:00","caller":"load/sheddingstat.go:61","content":"(rpc) shedding_stat [1m], cpu: 11, total: 0, pass: 0, drop: 0","level":"stat"}
{"@timestamp":"2025-11-29T18:33:31.718+08:00","caller":"stat/metrics.go:210","content":"(product.rpc) - qps: 0.0/s, drops: 0, avg time: 0.0ms, med: 0.0ms, 90th: 0.0ms, 99th: 0.0ms, 99.9th: 0.0ms","level":"stat"}
{"@timestamp":"2025-11-29T18:34:25.924+08:00","caller":"stat/usage.go:82","content":"CPU: 11m, MEMORY: Alloc=6.9Mi, TotalAlloc=204.1Mi, Sys=22.6Mi, NumGC=58","level":"stat"}
{"@timestamp":"2025-11-29T18:34:25.933+08:00","caller":"load/sheddingstat.go:61","content":"(rpc) shedding_stat [1m], cpu: 11, total: 0, pass: 0, drop: 0","level":"stat"}
{"@timestamp":"2025-11-29T18:34:31.717+08:00","caller":"stat/metrics.go:210","content":"(product.rpc) - qps: 0.0/s, drops: 0, avg time: 0.0ms, med: 0.0ms, 90th: 0.0ms, 99th: 0.0ms, 99.9th: 0.0ms","level":"stat"}
{"@timestamp":"2025-11-29T18:35:25.924+08:00","caller":"stat/usage.go:82","content":"CPU: 11m, MEMORY: Alloc=6.5Mi, TotalAlloc=207.5Mi, Sys=22.6Mi, NumGC=59","level":"stat"}
{"@timestamp":"2025-11-29T18:35:25.933+08:00","caller":"load/sheddingstat.go:61","content":"(rpc) shedding_stat [1m], cpu: 11, total: 0, pass: 0, drop: 0","level":"stat"}
{"@timestamp":"2025-11-29T18:35:31.717+08:00","caller":"stat/metrics.go:210","content":"(product.rpc) - qps: 0.0/s, drops: 0, avg time: 0.0ms, med: 0.0ms, 90th: 0.0ms, 99th: 0.0ms, 99.9th: 0.0ms","level":"stat"}
{"@timestamp":"2025-11-29T18:36:25.922+08:00","caller":"stat/usage.go:82","content":"CPU: 12m, MEMORY: Alloc=6.5Mi, TotalAlloc=211.1Mi, Sys=22.6Mi, NumGC=60","level":"stat"}
{"@timestamp":"2025-11-29T18:36:25.933+08:00","caller":"load/sheddingstat.go:61","content":"(rpc) shedding_stat [1m], cpu: 12, total: 0, pass: 0, drop: 0","level":"stat"}
{"@timestamp":"2025-11-29T18:36:31.717+08:00","caller":"stat/metrics.go:210","content":"(product.rpc) - qps: 0.0/s, drops: 0, avg time: 0.0ms, med: 0.0ms, 90th: 0.0ms, 99th: 0.0ms, 99.9th: 0.0ms","level":"stat"}
{"@timestamp":"2025-11-29T18:37:25.923+08:00","caller":"stat/usage.go:82","content":"CPU: 13m, MEMORY: Alloc=6.3Mi, TotalAlloc=214.7Mi, Sys=22.6Mi, NumGC=61","level":"stat"}
{"@timestamp":"2025-11-29T18:37:25.933+08:00","caller":"load/sheddingstat.go:61","content":"(rpc) shedding_stat [1m], cpu: 13, total: 0, pass: 0, drop: 0","level":"stat"}
{"@timestamp":"2025-11-29T18:37:31.717+08:00","caller":"stat/metrics.go:210","content":"(product.rpc) - qps: 0.0/s, drops: 0, avg time: 0.0ms, med: 0.0ms, 90th: 0.0ms, 99th: 0.0ms, 99.9th: 0.0ms","level":"stat"}
{"@timestamp":"2025-11-29T18:38:25.923+08:00","caller":"stat/usage.go:82","content":"CPU: 11m, MEMORY: Alloc=6.0Mi, TotalAlloc=218.1Mi, Sys=22.6Mi, NumGC=62","level":"stat"}
{"@timestamp":"2025-11-29T18:38:25.934+08:00","caller":"load/sheddingstat.go:61","content":"(rpc) shedding_stat [1m], cpu: 11, total: 0, pass: 0, drop: 0","level":"stat"}
{"@timestamp":"2025-11-29T18:38:31.717+08:00","caller":"stat/metrics.go:210","content":"(product.rpc) - qps: 0.0/s, drops: 0, avg time: 0.0ms, med: 0.0ms, 90th: 0.0ms, 99th: 0.0ms, 99.9th: 0.0ms","level":"stat"}
{"@timestamp":"2025-11-29T18:39:25.924+08:00","caller":"stat/usage.go:82","content":"CPU: 12m, MEMORY: Alloc=5.9Mi, TotalAlloc=221.6Mi, Sys=22.6Mi, NumGC=63","level":"stat"}
{"@timestamp":"2025-11-29T18:39:25.934+08:00","caller":"load/sheddingstat.go:61","content":"(rpc) shedding_stat [1m], cpu: 12, total: 0, pass: 0, drop: 0","level":"stat"}
{"@timestamp":"2025-11-29T18:39:31.717+08:00","caller":"stat/metrics.go:210","content":"(product.rpc) - qps: 0.0/s, drops: 0, avg time: 0.0ms, med: 0.0ms, 90th: 0.0ms, 99th: 0.0ms, 99.9th: 0.0ms","level":"stat"}
{"@timestamp":"2025-11-29T18:40:25.923+08:00","caller":"stat/usage.go:82","content":"CPU: 12m, MEMORY: Alloc=5.8Mi, TotalAlloc=225.2Mi, Sys=22.6Mi, NumGC=64","level":"stat"}
{"@timestamp":"2025-11-29T18:40:25.933+08:00","caller":"load/sheddingstat.go:61","content":"(rpc) shedding_stat [1m], cpu: 12, total: 0, pass: 0, drop: 0","level":"stat"}
{"@timestamp":"2025-11-29T18:40:31.718+08:00","caller":"stat/metrics.go:210","content":"(product.rpc) - qps: 0.0/s, drops: 0, avg time: 0.0ms, med: 0.0ms, 90th: 0.0ms, 99th: 0.0ms, 99.9th: 0.0ms","level":"stat"}
{"@timestamp":"2025-11-29T18:41:25.923+08:00","caller":"stat/usage.go:82","content":"CPU: 12m, MEMORY: Alloc=5.6Mi, TotalAlloc=228.7Mi, Sys=22.6Mi, NumGC=65","level":"stat"}
{"@timestamp":"2025-11-29T18:41:25.934+08:00","caller":"load/sheddingstat.go:61","content":"(rpc) shedding_stat [1m], cpu: 12, total: 0, pass: 0, drop: 0","level":"stat"}
{"@timestamp":"2025-11-29T18:41:31.718+08:00","caller":"stat/metrics.go:210","content":"(product.rpc) - qps: 0.0/s, drops: 0, avg time: 0.0ms, med: 0.0ms, 90th: 0.0ms, 99th: 0.0ms, 99.9th: 0.0ms","level":"stat"}
{"@timestamp":"2025-11-29T18:42:25.924+08:00","caller":"stat/usage.go:82","content":"CPU: 11m, MEMORY: Alloc=5.3Mi, TotalAlloc=232.2Mi, Sys=22.6Mi, NumGC=66","level":"stat"}
{"@timestamp":"2025-11-29T18:42:25.933+08:00","caller":"load/sheddingstat.go:61","content":"(rpc) shedding_stat [1m], cpu: 11, total: 0, pass: 0, drop: 0","level":"stat"}
{"@timestamp":"2025-11-29T18:42:31.718+08:00","caller":"stat/metrics.go:210","content":"(product.rpc) - qps: 0.0/s, drops: 0, avg time: 0.0ms, med: 0.0ms, 90th: 0.0ms, 99th: 0.0ms, 99.9th: 0.0ms","level":"stat"}
{"@timestamp":"2025-11-29T18:43:25.923+08:00","caller":"stat/usage.go:82","content":"CPU: 12m, MEMORY: Alloc=5.1Mi, TotalAlloc=235.8Mi, Sys=22.6Mi, NumGC=67","level":"stat"}
{"@timestamp":"2025-11-29T18:43:25.933+08:00","caller":"load/sheddingstat.go:61","content":"(rpc) shedding_stat [1m], cpu: 12, total: 0, pass: 0, drop: 0","level":"stat"}
{"@timestamp":"2025-11-29T18:43:31.718+08:00","caller":"stat/metrics.go:210","content":"(product.rpc) - qps: 0.0/s, drops: 0, avg time: 0.0ms, med: 0.0ms, 90th: 0.0ms, 99th: 0.0ms, 99.9th: 0.0ms","level":"stat"}
{"@timestamp":"2025-11-29T18:44:25.923+08:00","caller":"stat/usage.go:82","content":"CPU: 10m, MEMORY: Alloc=4.8Mi, TotalAlloc=239.2Mi, Sys=22.6Mi, NumGC=68","level":"stat"}
{"@timestamp":"2025-11-29T18:44:25.933+08:00","caller":"load/sheddingstat.go:61","content":"(rpc) shedding_stat [1m], cpu: 10, total: 0, pass: 0, drop: 0","level":"stat"}
{"@timestamp":"2025-11-29T18:44:31.717+08:00","caller":"stat/metrics.go:210","content":"(product.rpc) - qps: 0.0/s, drops: 0, avg time: 0.0ms, med: 0.0ms, 90th: 0.0ms, 99th: 0.0ms, 99.9th: 0.0ms","level":"stat"}
{"@timestamp":"2025-11-29T18:45:25.923+08:00","caller":"stat/usage.go:82","content":"CPU: 10m, MEMORY: Alloc=4.7Mi, TotalAlloc=242.8Mi, Sys=22.6Mi, NumGC=69","level":"stat"}
{"@timestamp":"2025-11-29T18:45:25.934+08:00","caller":"load/sheddingstat.go:61","content":"(rpc) shedding_stat [1m], cpu: 10, total: 0, pass: 0, drop: 0","level":"stat"}
{"@timestamp":"2025-11-29T18:45:31.718+08:00","caller":"stat/metrics.go:210","content":"(product.rpc) - qps: 0.0/s, drops: 0, avg time: 0.0ms, med: 0.0ms, 90th: 0.0ms, 99th: 0.0ms, 99.9th: 0.0ms","level":"stat"}
{"@timestamp":"2025-11-29T18:46:25.924+08:00","caller":"stat/usage.go:82","content":"CPU: 10m, MEMORY: Alloc=4.5Mi, TotalAlloc=246.4Mi, Sys=22.6Mi, NumGC=70","level":"stat"}
{"@timestamp":"2025-11-29T18:46:25.934+08:00","caller":"load/sheddingstat.go:61","content":"(rpc) shedding_stat [1m], cpu: 10, total: 0, pass: 0, drop: 0","level":"stat"}
{"@timestamp":"2025-11-29T18:46:31.718+08:00","caller":"stat/metrics.go:210","content":"(product.rpc) - qps: 0.0/s, drops: 0, avg time: 0.0ms, med: 0.0ms, 90th: 0.0ms, 99th: 0.0ms, 99.9th: 0.0ms","level":"stat"}
{"@timestamp":"2025-11-29T18:47:25.924+08:00","caller":"stat/usage.go:82","content":"CPU: 11m, MEMORY: Alloc=4.3Mi, TotalAlloc=249.9Mi, Sys=22.6Mi, NumGC=71","level":"stat"}
{"@timestamp":"2025-11-29T18:47:25.933+08:00","caller":"load/sheddingstat.go:61","content":"(rpc) shedding_stat [1m], cpu: 11, total: 0, pass: 0, drop: 0","level":"stat"}
{"@timestamp":"2025-11-29T18:47:31.717+08:00","caller":"stat/metrics.go:210","content":"(product.rpc) - qps: 0.0/s, drops: 0, avg time: 0.0ms, med: 0.0ms, 90th: 0.0ms, 99th: 0.0ms, 99.9th: 0.0ms","level":"stat"}
{"@timestamp":"2025-11-29T18:48:25.924+08:00","caller":"stat/usage.go:82","content":"CPU: 10m, MEMORY: Alloc=4.1Mi, TotalAlloc=253.5Mi, Sys=22.6Mi, NumGC=72","level":"stat"}
{"@timestamp":"2025-11-29T18:48:25.933+08:00","caller":"load/sheddingstat.go:61","content":"(rpc) shedding_stat [1m], cpu: 10, total: 0, pass: 0, drop: 0","level":"stat"}
{"@timestamp":"2025-11-29T18:48:31.718+08:00","caller":"stat/metrics.go:210","content":"(product.rpc) - qps: 0.0/s, drops: 0, avg time: 0.0ms, med: 0.0ms, 90th: 0.0ms, 99th: 0.0ms, 99.9th: 0.0ms","level":"stat"}
{"@timestamp":"2025-11-29T18:49:25.924+08:00","caller":"stat/usage.go:82","content":"CPU: 11m, MEMORY: Alloc=7.4Mi, TotalAlloc=256.8Mi, Sys=22.6Mi, NumGC=72","level":"stat"}
{"@timestamp":"2025-11-29T18:49:25.934+08:00","caller":"load/sheddingstat.go:61","content":"(rpc) shedding_stat [1m], cpu: 11, total: 0, pass: 0, drop: 0","level":"stat"}
{"@timestamp":"2025-11-29T18:49:31.717+08:00","caller":"stat/metrics.go:210","content":"(product.rpc) - qps: 0.0/s, drops: 0, avg time: 0.0ms, med: 0.0ms, 90th: 0.0ms, 99th: 0.0ms, 99.9th: 0.0ms","level":"stat"}
{"@timestamp":"2025-11-29T18:50:25.923+08:00","caller":"stat/usage.go:82","content":"CPU: 11m, MEMORY: Alloc=7.2Mi, TotalAlloc=260.3Mi, Sys=22.6Mi, NumGC=73","level":"stat"}
{"@timestamp":"2025-11-29T18:50:25.934+08:00","caller":"load/sheddingstat.go:61","content":"(rpc) shedding_stat [1m], cpu: 11, total: 0, pass: 0, drop: 0","level":"stat"}
{"@timestamp":"2025-11-29T18:50:31.718+08:00","caller":"stat/metrics.go:210","content":"(product.rpc) - qps: 0.0/s, drops: 0, avg time: 0.0ms, med: 0.0ms, 90th: 0.0ms, 99th: 0.0ms, 99.9th: 0.0ms","level":"stat"}
{"@timestamp":"2025-11-29T18:51:25.924+08:00","caller":"stat/usage.go:82","content":"CPU: 10m, MEMORY: Alloc=6.9Mi, TotalAlloc=263.8Mi, Sys=22.6Mi, NumGC=74","level":"stat"}
{"@timestamp":"2025-11-29T18:51:25.934+08:00","caller":"load/sheddingstat.go:61","content":"(rpc) shedding_stat [1m], cpu: 10, total: 0, pass: 0, drop: 0","level":"stat"}
{"@timestamp":"2025-11-29T18:51:31.717+08:00","caller":"stat/metrics.go:210","content":"(product.rpc) - qps: 0.0/s, drops: 0, avg time: 0.0ms, med: 0.0ms, 90th: 0.0ms, 99th: 0.0ms, 99.9th: 0.0ms","level":"stat"}
{"@timestamp":"2025-11-29T18:52:25.923+08:00","caller":"stat/usage.go:82","content":"CPU: 13m, MEMORY: Alloc=6.6Mi, TotalAlloc=267.3Mi, Sys=22.6Mi, NumGC=75","level":"stat"}
{"@timestamp":"2025-11-29T18:52:25.934+08:00","caller":"load/sheddingstat.go:61","content":"(rpc) shedding_stat [1m], cpu: 13, total: 0, pass: 0, drop: 0","level":"stat"}
{"@timestamp":"2025-11-29T18:52:31.717+08:00","caller":"stat/metrics.go:210","content":"(product.rpc) - qps: 0.0/s, drops: 0, avg time: 0.0ms, med: 0.0ms, 90th: 0.0ms, 99th: 0.0ms, 99.9th: 0.0ms","level":"stat"}
{"@timestamp":"2025-11-29T18:53:25.924+08:00","caller":"stat/usage.go:82","content":"CPU: 11m, MEMORY: Alloc=6.4Mi, TotalAlloc=270.9Mi, Sys=22.6Mi, NumGC=76","level":"stat"}
{"@timestamp":"2025-11-29T18:53:25.932+08:00","caller":"load/sheddingstat.go:61","content":"(rpc) shedding_stat [1m], cpu: 11, total: 0, pass: 0, drop: 0","level":"stat"}
{"@timestamp":"2025-11-29T18:53:31.718+08:00","caller":"stat/metrics.go:210","content":"(product.rpc) - qps: 0.0/s, drops: 0, avg time: 0.0ms, med: 0.0ms, 90th: 0.0ms, 99th: 0.0ms, 99.9th: 0.0ms","level":"stat"}
{"@timestamp":"2025-11-29T18:54:25.924+08:00","caller":"stat/usage.go:82","content":"CPU: 11m, MEMORY: Alloc=6.2Mi, TotalAlloc=274.4Mi, Sys=22.6Mi, NumGC=77","level":"stat"}
{"@timestamp":"2025-11-29T18:54:25.933+08:00","caller":"load/sheddingstat.go:61","content":"(rpc) shedding_stat [1m], cpu: 11, total: 0, pass: 0, drop: 0","level":"stat"}
{"@timestamp":"2025-11-29T18:54:31.717+08:00","caller":"stat/metrics.go:210","content":"(product.rpc) - qps: 0.0/s, drops: 0, avg time: 0.0ms, med: 0.0ms, 90th: 0.0ms, 99th: 0.0ms, 99.9th: 0.0ms","level":"stat"}
{"@timestamp":"2025-11-29T18:55:25.923+08:00","caller":"stat/usage.go:82","content":"CPU: 13m, MEMORY: Alloc=5.9Mi, TotalAlloc=277.9Mi, Sys=22.6Mi, NumGC=78","level":"stat"}
{"@timestamp":"2025-11-29T18:55:25.934+08:00","caller":"load/sheddingstat.go:61","content":"(rpc) shedding_stat [1m], cpu: 13, total: 0, pass: 0, drop: 0","level":"stat"}
{"@timestamp":"2025-11-29T18:55:31.718+08:00","caller":"stat/metrics.go:210","content":"(product.rpc) - qps: 0.0/s, drops: 0, avg time: 0.0ms, med: 0.0ms, 90th: 0.0ms, 99th: 0.0ms, 99.9th: 0.0ms","level":"stat"}
{"@timestamp":"2025-11-29T18:56:25.923+08:00","caller":"stat/usage.go:82","content":"CPU: 13m, MEMORY: Alloc=5.6Mi, TotalAlloc=281.4Mi, Sys=22.6Mi, NumGC=79","level":"stat"}
{"@timestamp":"2025-11-29T18:56:25.934+08:00","caller":"load/sheddingstat.go:61","content":"(rpc) shedding_stat [1m], cpu: 13, total: 0, pass: 0, drop: 0","level":"stat"}
{"@timestamp":"2025-11-29T18:56:31.717+08:00","caller":"stat/metrics.go:210","content":"(product.rpc) - qps: 0.0/s, drops: 0, avg time: 0.0ms, med: 0.0ms, 90th: 0.0ms, 99th: 0.0ms, 99.9th: 0.0ms","level":"stat"}
{"@timestamp":"2025-11-29T18:57:25.923+08:00","caller":"stat/usage.go:82","content":"CPU: 11m, MEMORY: Alloc=5.3Mi, TotalAlloc=285.0Mi, Sys=22.6Mi, NumGC=80","level":"stat"}
{"@timestamp":"2025-11-29T18:57:25.934+08:00","caller":"load/sheddingstat.go:61","content":"(rpc) shedding_stat [1m], cpu: 11, total: 0, pass: 0, drop: 0","level":"stat"}
{"@timestamp":"2025-11-29T18:57:31.717+08:00","caller":"stat/metrics.go:210","content":"(product.rpc) - qps: 0.0/s, drops: 0, avg time: 0.0ms, med: 0.0ms, 90th: 0.0ms, 99th: 0.0ms, 99.9th: 0.0ms","level":"stat"}
{"@timestamp":"2025-11-29T18:58:25.924+08:00","caller":"stat/usage.go:82","content":"CPU: 10m, MEMORY: Alloc=5.0Mi, TotalAlloc=288.5Mi, Sys=22.6Mi, NumGC=81","level":"stat"}
{"@timestamp":"2025-11-29T18:58:25.933+08:00","caller":"load/sheddingstat.go:61","content":"(rpc) shedding_stat [1m], cpu: 10, total: 0, pass: 0, drop: 0","level":"stat"}
{"@timestamp":"2025-11-29T18:58:31.717+08:00","caller":"stat/metrics.go:210","content":"(product.rpc) - qps: 0.0/s, drops: 0, avg time: 0.0ms, med: 0.0ms, 90th: 0.0ms, 99th: 0.0ms, 99.9th: 0.0ms","level":"stat"}
{"@timestamp":"2025-11-29T18:59:25.923+08:00","caller":"stat/usage.go:82","content":"CPU: 11m, MEMORY: Alloc=4.8Mi, TotalAlloc=292.0Mi, Sys=22.6Mi, NumGC=82","level":"stat"}
{"@timestamp":"2025-11-29T18:59:25.933+08:00","caller":"load/sheddingstat.go:61","content":"(rpc) shedding_stat [1m], cpu: 11, total: 0, pass: 0, drop: 0","level":"stat"}
{"@timestamp":"2025-11-29T18:59:31.717+08:00","caller":"stat/metrics.go:210","content":"(product.rpc) - qps: 0.0/s, drops: 0, avg time: 0.0ms, med: 0.0ms, 90th: 0.0ms, 99th: 0.0ms, 99.9th: 0.0ms","level":"stat"}
{"@timestamp":"2025-11-29T19:00:25.923+08:00","caller":"stat/usage.go:82","content":"CPU: 10m, MEMORY: Alloc=4.6Mi, TotalAlloc=295.6Mi, Sys=22.6Mi, NumGC=83","level":"stat"}
{"@timestamp":"2025-11-29T19:00:25.933+08:00","caller":"load/sheddingstat.go:61","content":"(rpc) shedding_stat [1m], cpu: 10, total: 0, pass: 0, drop: 0","level":"stat"}
{"@timestamp":"2025-11-29T19:00:31.718+08:00","caller":"stat/metrics.go:210","content":"(product.rpc) - qps: 0.0/s, drops: 0, avg time: 0.0ms, med: 0.0ms, 90th: 0.0ms, 99th: 0.0ms, 99.9th: 0.0ms","level":"stat"}
{"@timestamp":"2025-11-29T19:01:25.923+08:00","caller":"stat/usage.go:82","content":"CPU: 61m, MEMORY: Alloc=4.3Mi, TotalAlloc=299.1Mi, Sys=22.6Mi, NumGC=84","level":"stat"}
{"@timestamp":"2025-11-29T19:01:25.933+08:00","caller":"load/sheddingstat.go:61","content":"(rpc) shedding_stat [1m], cpu: 61, total: 0, pass: 0, drop: 0","level":"stat"}
{"@timestamp":"2025-11-29T19:01:31.717+08:00","caller":"stat/metrics.go:210","content":"(product.rpc) - qps: 0.0/s, drops: 0, avg time: 0.0ms, med: 0.0ms, 90th: 0.0ms, 99th: 0.0ms, 99.9th: 0.0ms","level":"stat"}
{"@timestamp":"2025-11-29T19:02:25.923+08:00","caller":"stat/usage.go:82","content":"CPU: 11m, MEMORY: Alloc=4.2Mi, TotalAlloc=302.7Mi, Sys=22.6Mi, NumGC=85","level":"stat"}
{"@timestamp":"2025-11-29T19:02:25.933+08:00","caller":"load/sheddingstat.go:61","content":"(rpc) shedding_stat [1m], cpu: 11, total: 0, pass: 0, drop: 0","level":"stat"}
{"@timestamp":"2025-11-29T19:02:31.717+08:00","caller":"stat/metrics.go:210","content":"(product.rpc) - qps: 0.0/s, drops: 0, avg time: 0.0ms, med: 0.0ms, 90th: 0.0ms, 99th: 0.0ms, 99.9th: 0.0ms","level":"stat"}
{"@timestamp":"2025-11-29T19:03:25.924+08:00","caller":"stat/usage.go:82","content":"CPU: 11m, MEMORY: Alloc=7.5Mi, TotalAlloc=306.1Mi, Sys=22.6Mi, NumGC=85","level":"stat"}
{"@timestamp":"2025-11-29T19:03:25.933+08:00","caller":"load/sheddingstat.go:61","content":"(rpc) shedding_stat [1m], cpu: 11, total: 0, pass: 0, drop: 0","level":"stat"}
{"@timestamp":"2025-11-29T19:03:31.717+08:00","caller":"stat/metrics.go:210","content":"(product.rpc) - qps: 0.0/s, drops: 0, avg time: 0.0ms, med: 0.0ms, 90th: 0.0ms, 99th: 0.0ms, 99.9th: 0.0ms","level":"stat"}
{"@timestamp":"2025-11-29T19:04:25.923+08:00","caller":"stat/usage.go:82","content":"CPU: 38m, MEMORY: Alloc=7.1Mi, TotalAlloc=309.4Mi, Sys=22.6Mi, NumGC=86","level":"stat"}
{"@timestamp":"2025-11-29T19:04:25.933+08:00","caller":"load/sheddingstat.go:61","content":"(rpc) shedding_stat [1m], cpu: 38, total: 0, pass: 0, drop: 0","level":"stat"}
{"@timestamp":"2025-11-29T19:04:31.717+08:00","caller":"stat/metrics.go:210","content":"(product.rpc) - qps: 0.0/s, drops: 0, avg time: 0.0ms, med: 0.0ms, 90th: 0.0ms, 99th: 0.0ms, 99.9th: 0.0ms","level":"stat"}
{"@timestamp":"2025-11-29T19:04:59.465+08:00","caller":"stat/metrics.go:210","content":"(product.rpc) - qps: 0.0/s, drops: 0, avg time: 0.0ms, med: 0.0ms, 90th: 0.0ms, 99th: 0.0ms, 99.9th: 0.0ms","level":"stat"}
